// Jest Snapshot v1, https://goo.gl/fbAQLP

exports[`should render header correctly 1`] = `
<div>
  <header>
    404 Page Not Found.
  </header>
</div>
`;
