// Jest Snapshot v1, https://goo.gl/fbAQLP

exports[`should render header correctly 1`] = `
<footer
  className="footer page-footer"
>
  <div
    className="container"
  >
    <div
      className="row center"
    >
      <p>
        Â© KIMJ Development
      </p>
    </div>
  </div>
</footer>
`;
