// Jest Snapshot v1, https://goo.gl/fbAQLP

exports[`should render header correctly 1`] = `
<div>
  <HeaderBox />
  <div
    className="origin"
  >
    <div
      className="center header-position"
    >
      <i
        className="medium material-icons icon-color"
      >
        blur_on
      </i>
      <header
        className="pageHeaders white-text"
      >
        Assess your mindset
      </header>
    </div>
    <div
      className="container center floating-container z-depth-2"
    >
      <div
        className="floating-content flow-text"
      >
        <div
          className="grey-text text-darken-2 visualRow"
        >
          Clicking the button below will begin the mindset profile.
          <br />
          You will be presented with a series of questions to assess the way you think.
          <br />
          In order to achieve the best results we ask that you ensure each question is answered, and answered truthfully.
        </div>
        <i
          className="small material-icons icon-color"
        >
          linear_scale
        </i>
        <div
          className="grey-text text-darken-1"
        >
          <i>
            We feel it is important to let you know that your answers will not be shown to anyone.
          </i>
        </div>
        <hr
          className="style"
        />
        <p>
          <ForwardRef
            to="/questions"
          >
            <a
              className="btn-small waves-effect waves-light grey darken-4"
              href="#!"
            >
              BEGIN
            </a>
          </ForwardRef>
        </p>
      </div>
    </div>
  </div>
</div>
`;
